Archive member included because of file (symbol)

/usr/lib/gcc/avr/4.7.2/avr5/libgcc.a(_exit.o)
                              /usr/lib/gcc/avr/4.7.2/../../../avr/lib/avr5/crtm32u4.o (exit)
/usr/lib/gcc/avr/4.7.2/avr5/libgcc.a(_copy_data.o)
                              BootloaderDFU.o (__do_copy_data)
/usr/lib/gcc/avr/4.7.2/avr5/libgcc.a(_clear_bss.o)
                              BootloaderDFU.o (__do_clear_bss)
/usr/lib/gcc/avr/4.7.2/../../../avr/lib/avr5/libc.a(eerd_byte_atmega32u4.o)
                              BootloaderDFU.o (__eerd_byte_m32u4)
/usr/lib/gcc/avr/4.7.2/../../../avr/lib/avr5/libc.a(eeupd_byte_atmega32u4.o)
                              ../../LUFA/Drivers/USB/Core/AVR8/EndpointStream_AVR8.o (__eeupd_byte_m32u4)
/usr/lib/gcc/avr/4.7.2/../../../avr/lib/avr5/libc.a(eewr_byte_atmega32u4.o)
                              BootloaderDFU.o (__eewr_byte_m32u4)

Allocating common symbols
Common symbol       size              file

USB_IsInitialized   0x1               ../../LUFA/Drivers/USB/Core/USBTask.o
USB_Device_ConfigurationNumber
                    0x1               ../../LUFA/Drivers/USB/Core/DeviceStandardReq.o
USB_ControlRequest  0x8               ../../LUFA/Drivers/USB/Core/USBTask.o

Discarded input sections

 .data          0x00000000        0x0 /usr/lib/gcc/avr/4.7.2/../../../avr/lib/avr5/crtm32u4.o
 .bss           0x00000000        0x0 /usr/lib/gcc/avr/4.7.2/../../../avr/lib/avr5/crtm32u4.o
 .text          0x00000000        0x0 BootloaderDFU.o
 .text          0x00000000        0x0 Descriptors.o
 .data          0x00000000        0x0 Descriptors.o
 .bss           0x00000000        0x0 Descriptors.o
 .text          0x00000000        0x0 BootloaderAPI.o
 .data          0x00000000        0x0 BootloaderAPI.o
 .bss           0x00000000        0x0 BootloaderAPI.o
 .text          0x00000000        0x0 BootloaderAPITable.o
 .data          0x00000000        0x0 BootloaderAPITable.o
 .bss           0x00000000        0x0 BootloaderAPITable.o
 .text          0x00000000        0x0 ../../LUFA/Drivers/USB/Class/Common/HIDParser.o
 .data          0x00000000        0x0 ../../LUFA/Drivers/USB/Class/Common/HIDParser.o
 .bss           0x00000000        0x0 ../../LUFA/Drivers/USB/Class/Common/HIDParser.o
 .text.USB_ProcessHIDReport
                0x00000000      0x6cc ../../LUFA/Drivers/USB/Class/Common/HIDParser.o
 .text.USB_GetHIDReportItemInfo
                0x00000000       0xbc ../../LUFA/Drivers/USB/Class/Common/HIDParser.o
 .text.USB_SetHIDReportItemInfo
                0x00000000       0xec ../../LUFA/Drivers/USB/Class/Common/HIDParser.o
 .text.USB_GetHIDReportSize
                0x00000000       0x60 ../../LUFA/Drivers/USB/Class/Common/HIDParser.o
 .text          0x00000000        0x0 ../../LUFA/Drivers/USB/Core/AVR8/Device_AVR8.o
 .data          0x00000000        0x0 ../../LUFA/Drivers/USB/Core/AVR8/Device_AVR8.o
 .bss           0x00000000        0x0 ../../LUFA/Drivers/USB/Core/AVR8/Device_AVR8.o
 .text.USB_Device_SendRemoteWakeup
                0x00000000       0x2a ../../LUFA/Drivers/USB/Core/AVR8/Device_AVR8.o
 .text          0x00000000        0x0 ../../LUFA/Drivers/USB/Core/AVR8/EndpointStream_AVR8.o
 .data          0x00000000        0x0 ../../LUFA/Drivers/USB/Core/AVR8/EndpointStream_AVR8.o
 .bss           0x00000000        0x0 ../../LUFA/Drivers/USB/Core/AVR8/EndpointStream_AVR8.o
 .text.Endpoint_Write_Control_Stream_BE
                0x00000000       0xc2 ../../LUFA/Drivers/USB/Core/AVR8/EndpointStream_AVR8.o
 .text.Endpoint_Read_Control_Stream_LE
                0x00000000       0x8a ../../LUFA/Drivers/USB/Core/AVR8/EndpointStream_AVR8.o
 .text.Endpoint_Read_Control_Stream_BE
                0x00000000       0x82 ../../LUFA/Drivers/USB/Core/AVR8/EndpointStream_AVR8.o
 .text.Endpoint_Write_Control_PStream_LE
                0x00000000       0xbc ../../LUFA/Drivers/USB/Core/AVR8/EndpointStream_AVR8.o
 .text.Endpoint_Write_Control_PStream_BE
                0x00000000       0xc2 ../../LUFA/Drivers/USB/Core/AVR8/EndpointStream_AVR8.o
 .text.Endpoint_Write_Control_EStream_LE
                0x00000000       0xee ../../LUFA/Drivers/USB/Core/AVR8/EndpointStream_AVR8.o
 .text.Endpoint_Write_Control_EStream_BE
                0x00000000       0xfe ../../LUFA/Drivers/USB/Core/AVR8/EndpointStream_AVR8.o
 .text.Endpoint_Read_Control_EStream_LE
                0x00000000       0xa0 ../../LUFA/Drivers/USB/Core/AVR8/EndpointStream_AVR8.o
 .text.Endpoint_Read_Control_EStream_BE
                0x00000000       0x9e ../../LUFA/Drivers/USB/Core/AVR8/EndpointStream_AVR8.o
 .text          0x00000000        0x0 ../../LUFA/Drivers/USB/Core/AVR8/Endpoint_AVR8.o
 .data          0x00000000        0x0 ../../LUFA/Drivers/USB/Core/AVR8/Endpoint_AVR8.o
 .bss           0x00000000        0x0 ../../LUFA/Drivers/USB/Core/AVR8/Endpoint_AVR8.o
 .text.Endpoint_ConfigureEndpointTable
                0x00000000       0x80 ../../LUFA/Drivers/USB/Core/AVR8/Endpoint_AVR8.o
 .text.Endpoint_ClearEndpoints
                0x00000000       0x1c ../../LUFA/Drivers/USB/Core/AVR8/Endpoint_AVR8.o
 .text          0x00000000        0x0 ../../LUFA/Drivers/USB/Core/AVR8/Host_AVR8.o
 .data          0x00000000        0x0 ../../LUFA/Drivers/USB/Core/AVR8/Host_AVR8.o
 .bss           0x00000000        0x0 ../../LUFA/Drivers/USB/Core/AVR8/Host_AVR8.o
 .text          0x00000000        0x0 ../../LUFA/Drivers/USB/Core/AVR8/PipeStream_AVR8.o
 .data          0x00000000        0x0 ../../LUFA/Drivers/USB/Core/AVR8/PipeStream_AVR8.o
 .bss           0x00000000        0x0 ../../LUFA/Drivers/USB/Core/AVR8/PipeStream_AVR8.o
 .text          0x00000000        0x0 ../../LUFA/Drivers/USB/Core/AVR8/Pipe_AVR8.o
 .data          0x00000000        0x0 ../../LUFA/Drivers/USB/Core/AVR8/Pipe_AVR8.o
 .bss           0x00000000        0x0 ../../LUFA/Drivers/USB/Core/AVR8/Pipe_AVR8.o
 .text          0x00000000        0x0 ../../LUFA/Drivers/USB/Core/AVR8/USBController_AVR8.o
 .data          0x00000000        0x0 ../../LUFA/Drivers/USB/Core/AVR8/USBController_AVR8.o
 .bss           0x00000000        0x0 ../../LUFA/Drivers/USB/Core/AVR8/USBController_AVR8.o
 .text          0x00000000        0x0 ../../LUFA/Drivers/USB/Core/AVR8/USBInterrupt_AVR8.o
 .data          0x00000000        0x0 ../../LUFA/Drivers/USB/Core/AVR8/USBInterrupt_AVR8.o
 .bss           0x00000000        0x0 ../../LUFA/Drivers/USB/Core/AVR8/USBInterrupt_AVR8.o
 .text          0x00000000        0x0 ../../LUFA/Drivers/USB/Core/ConfigDescriptors.o
 .data          0x00000000        0x0 ../../LUFA/Drivers/USB/Core/ConfigDescriptors.o
 .bss           0x00000000        0x0 ../../LUFA/Drivers/USB/Core/ConfigDescriptors.o
 .text.USB_GetNextDescriptor
                0x00000000       0x38 ../../LUFA/Drivers/USB/Core/ConfigDescriptors.o
 .text.USB_GetNextDescriptorOfType
                0x00000000       0x4a ../../LUFA/Drivers/USB/Core/ConfigDescriptors.o
 .text.USB_GetNextDescriptorOfTypeBefore
                0x00000000       0x5c ../../LUFA/Drivers/USB/Core/ConfigDescriptors.o
 .text.USB_GetNextDescriptorOfTypeAfter
                0x00000000       0x3e ../../LUFA/Drivers/USB/Core/ConfigDescriptors.o
 .text.USB_GetNextDescriptorComp
                0x00000000       0x68 ../../LUFA/Drivers/USB/Core/ConfigDescriptors.o
 .text          0x00000000        0x0 ../../LUFA/Drivers/USB/Core/DeviceStandardReq.o
 .data          0x00000000        0x0 ../../LUFA/Drivers/USB/Core/DeviceStandardReq.o
 .bss           0x00000000        0x0 ../../LUFA/Drivers/USB/Core/DeviceStandardReq.o
 .text          0x00000000        0x0 ../../LUFA/Drivers/USB/Core/Events.o
 .data          0x00000000        0x0 ../../LUFA/Drivers/USB/Core/Events.o
 .bss           0x00000000        0x0 ../../LUFA/Drivers/USB/Core/Events.o
 .text          0x00000000        0x0 ../../LUFA/Drivers/USB/Core/HostStandardReq.o
 .data          0x00000000        0x0 ../../LUFA/Drivers/USB/Core/HostStandardReq.o
 .bss           0x00000000        0x0 ../../LUFA/Drivers/USB/Core/HostStandardReq.o
 .text          0x00000000        0x0 ../../LUFA/Drivers/USB/Core/USBTask.o
 .data          0x00000000        0x0 ../../LUFA/Drivers/USB/Core/USBTask.o
 .bss           0x00000000        0x0 ../../LUFA/Drivers/USB/Core/USBTask.o
 .text          0x00000000        0x0 /usr/lib/gcc/avr/4.7.2/avr5/libgcc.a(_exit.o)
 .data          0x00000000        0x0 /usr/lib/gcc/avr/4.7.2/avr5/libgcc.a(_exit.o)
 .bss           0x00000000        0x0 /usr/lib/gcc/avr/4.7.2/avr5/libgcc.a(_exit.o)
 .text.libgcc.mul
                0x00000000        0x0 /usr/lib/gcc/avr/4.7.2/avr5/libgcc.a(_exit.o)
 .text.libgcc.div
                0x00000000        0x0 /usr/lib/gcc/avr/4.7.2/avr5/libgcc.a(_exit.o)
 .text.libgcc   0x00000000        0x0 /usr/lib/gcc/avr/4.7.2/avr5/libgcc.a(_exit.o)
 .text.libgcc.prologue
                0x00000000        0x0 /usr/lib/gcc/avr/4.7.2/avr5/libgcc.a(_exit.o)
 .text.libgcc.builtins
                0x00000000        0x0 /usr/lib/gcc/avr/4.7.2/avr5/libgcc.a(_exit.o)
 .text.libgcc.fmul
                0x00000000        0x0 /usr/lib/gcc/avr/4.7.2/avr5/libgcc.a(_exit.o)
 .text          0x00000000        0x0 /usr/lib/gcc/avr/4.7.2/avr5/libgcc.a(_copy_data.o)
 .data          0x00000000        0x0 /usr/lib/gcc/avr/4.7.2/avr5/libgcc.a(_copy_data.o)
 .bss           0x00000000        0x0 /usr/lib/gcc/avr/4.7.2/avr5/libgcc.a(_copy_data.o)
 .text.libgcc.mul
                0x00000000        0x0 /usr/lib/gcc/avr/4.7.2/avr5/libgcc.a(_copy_data.o)
 .text.libgcc.div
                0x00000000        0x0 /usr/lib/gcc/avr/4.7.2/avr5/libgcc.a(_copy_data.o)
 .text.libgcc   0x00000000        0x0 /usr/lib/gcc/avr/4.7.2/avr5/libgcc.a(_copy_data.o)
 .text.libgcc.prologue
                0x00000000        0x0 /usr/lib/gcc/avr/4.7.2/avr5/libgcc.a(_copy_data.o)
 .text.libgcc.builtins
                0x00000000        0x0 /usr/lib/gcc/avr/4.7.2/avr5/libgcc.a(_copy_data.o)
 .text.libgcc.fmul
                0x00000000        0x0 /usr/lib/gcc/avr/4.7.2/avr5/libgcc.a(_copy_data.o)
 .text          0x00000000        0x0 /usr/lib/gcc/avr/4.7.2/avr5/libgcc.a(_clear_bss.o)
 .data          0x00000000        0x0 /usr/lib/gcc/avr/4.7.2/avr5/libgcc.a(_clear_bss.o)
 .bss           0x00000000        0x0 /usr/lib/gcc/avr/4.7.2/avr5/libgcc.a(_clear_bss.o)
 .text.libgcc.mul
                0x00000000        0x0 /usr/lib/gcc/avr/4.7.2/avr5/libgcc.a(_clear_bss.o)
 .text.libgcc.div
                0x00000000        0x0 /usr/lib/gcc/avr/4.7.2/avr5/libgcc.a(_clear_bss.o)
 .text.libgcc   0x00000000        0x0 /usr/lib/gcc/avr/4.7.2/avr5/libgcc.a(_clear_bss.o)
 .text.libgcc.prologue
                0x00000000        0x0 /usr/lib/gcc/avr/4.7.2/avr5/libgcc.a(_clear_bss.o)
 .text.libgcc.builtins
                0x00000000        0x0 /usr/lib/gcc/avr/4.7.2/avr5/libgcc.a(_clear_bss.o)
 .text.libgcc.fmul
                0x00000000        0x0 /usr/lib/gcc/avr/4.7.2/avr5/libgcc.a(_clear_bss.o)
 .text          0x00000000        0x0 /usr/lib/gcc/avr/4.7.2/../../../avr/lib/avr5/libc.a(eerd_byte_atmega32u4.o)
 .data          0x00000000        0x0 /usr/lib/gcc/avr/4.7.2/../../../avr/lib/avr5/libc.a(eerd_byte_atmega32u4.o)
 .bss           0x00000000        0x0 /usr/lib/gcc/avr/4.7.2/../../../avr/lib/avr5/libc.a(eerd_byte_atmega32u4.o)
 .text          0x00000000        0x0 /usr/lib/gcc/avr/4.7.2/../../../avr/lib/avr5/libc.a(eeupd_byte_atmega32u4.o)
 .data          0x00000000        0x0 /usr/lib/gcc/avr/4.7.2/../../../avr/lib/avr5/libc.a(eeupd_byte_atmega32u4.o)
 .bss           0x00000000        0x0 /usr/lib/gcc/avr/4.7.2/../../../avr/lib/avr5/libc.a(eeupd_byte_atmega32u4.o)
 .text.avr-libc
                0x00000000       0x24 /usr/lib/gcc/avr/4.7.2/../../../avr/lib/avr5/libc.a(eeupd_byte_atmega32u4.o)
 .text          0x00000000        0x0 /usr/lib/gcc/avr/4.7.2/../../../avr/lib/avr5/libc.a(eewr_byte_atmega32u4.o)
 .data          0x00000000        0x0 /usr/lib/gcc/avr/4.7.2/../../../avr/lib/avr5/libc.a(eewr_byte_atmega32u4.o)
 .bss           0x00000000        0x0 /usr/lib/gcc/avr/4.7.2/../../../avr/lib/avr5/libc.a(eewr_byte_atmega32u4.o)

Memory Configuration

Name             Origin             Length             Attributes
text             0x00000000         0x00020000         xr
data             0x00800060         0x0000ffa0         rw !x
eeprom           0x00810000         0x00010000         rw !x
fuse             0x00820000         0x00000400         rw !x
lock             0x00830000         0x00000400         rw !x
signature        0x00840000         0x00000400         rw !x
*default*        0x00000000         0xffffffff

Linker script and memory map

Address of section .data set to 0x800100
LOAD /usr/lib/gcc/avr/4.7.2/../../../avr/lib/avr5/crtm32u4.o
LOAD BootloaderDFU.o
LOAD Descriptors.o
LOAD BootloaderAPI.o
LOAD BootloaderAPITable.o
LOAD ../../LUFA/Drivers/USB/Class/Common/HIDParser.o
LOAD ../../LUFA/Drivers/USB/Core/AVR8/Device_AVR8.o
LOAD ../../LUFA/Drivers/USB/Core/AVR8/EndpointStream_AVR8.o
LOAD ../../LUFA/Drivers/USB/Core/AVR8/Endpoint_AVR8.o
LOAD ../../LUFA/Drivers/USB/Core/AVR8/Host_AVR8.o
LOAD ../../LUFA/Drivers/USB/Core/AVR8/PipeStream_AVR8.o
LOAD ../../LUFA/Drivers/USB/Core/AVR8/Pipe_AVR8.o
LOAD ../../LUFA/Drivers/USB/Core/AVR8/USBController_AVR8.o
LOAD ../../LUFA/Drivers/USB/Core/AVR8/USBInterrupt_AVR8.o
LOAD ../../LUFA/Drivers/USB/Core/ConfigDescriptors.o
LOAD ../../LUFA/Drivers/USB/Core/DeviceStandardReq.o
LOAD ../../LUFA/Drivers/USB/Core/Events.o
LOAD ../../LUFA/Drivers/USB/Core/HostStandardReq.o
LOAD ../../LUFA/Drivers/USB/Core/USBTask.o
LOAD /usr/lib/gcc/avr/4.7.2/../../../avr/lib/avr5/libm.a
Address of section .text set to 0x7000
Address of section .apitable_trampolines set to 0x7fa0
Address of section .apitable_jumptable set to 0x7fe0
Address of section .apitable_signatures set to 0x7ff8
LOAD /usr/lib/gcc/avr/4.7.2/avr5/libgcc.a
LOAD /usr/lib/gcc/avr/4.7.2/../../../avr/lib/avr5/libc.a
LOAD /usr/lib/gcc/avr/4.7.2/avr5/libgcc.a

.hash
 *(.hash)

.dynsym
 *(.dynsym)

.dynstr
 *(.dynstr)

.gnu.version
 *(.gnu.version)

.gnu.version_d
 *(.gnu.version_d)

.gnu.version_r
 *(.gnu.version_r)

.rel.init
 *(.rel.init)

.rela.init
 *(.rela.init)

.rel.text
 *(.rel.text)
 *(.rel.text.*)
 *(.rel.gnu.linkonce.t*)

.rela.text
 *(.rela.text)
 *(.rela.text.*)
 *(.rela.gnu.linkonce.t*)

.rel.fini
 *(.rel.fini)

.rela.fini
 *(.rela.fini)

.rel.rodata
 *(.rel.rodata)
 *(.rel.rodata.*)
 *(.rel.gnu.linkonce.r*)

.rela.rodata
 *(.rela.rodata)
 *(.rela.rodata.*)
 *(.rela.gnu.linkonce.r*)

.rel.data
 *(.rel.data)
 *(.rel.data.*)
 *(.rel.gnu.linkonce.d*)

.rela.data
 *(.rela.data)
 *(.rela.data.*)
 *(.rela.gnu.linkonce.d*)

.rel.ctors
 *(.rel.ctors)

.rela.ctors
 *(.rela.ctors)

.rel.dtors
 *(.rel.dtors)

.rela.dtors
 *(.rela.dtors)

.rel.got
 *(.rel.got)

.rela.got
 *(.rela.got)

.rel.bss
 *(.rel.bss)

.rela.bss
 *(.rela.bss)

.rel.plt
 *(.rel.plt)

.rela.plt
 *(.rela.plt)

.text           0x00007000      0xea2
 *(.vectors)
 .vectors       0x00007000       0xac /usr/lib/gcc/avr/4.7.2/../../../avr/lib/avr5/crtm32u4.o
                0x00007000                __vectors
                0x00007000                __vector_default
 *(.vectors)
 *(.progmem.gcc*)
 *(.progmem*)
                0x000070ac                . = ALIGN (0x2)
                0x000070ac                __trampolines_start = .
 *(.trampolines)
 .trampolines   0x000070ac        0x0 linker stubs
 *(.trampolines*)
                0x000070ac                __trampolines_end = .
 *(.jumptables)
 *(.jumptables*)
 *(.lowtext)
 *(.lowtext*)
                0x000070ac                __ctors_start = .
 *(.ctors)
                0x000070ac                __ctors_end = .
                0x000070ac                __dtors_start = .
 *(.dtors)
                0x000070ac                __dtors_end = .
 SORT(*)(.ctors)
 SORT(*)(.dtors)
 *(.init0)
 .init0         0x000070ac        0x0 /usr/lib/gcc/avr/4.7.2/../../../avr/lib/avr5/crtm32u4.o
                0x000070ac                __init
 *(.init0)
 *(.init1)
 *(.init1)
 *(.init2)
 .init2         0x000070ac        0xc /usr/lib/gcc/avr/4.7.2/../../../avr/lib/avr5/crtm32u4.o
 *(.init2)
 *(.init3)
 .init3         0x000070b8       0x38 BootloaderDFU.o
                0x000070b8                Application_Jump_Check
 *(.init3)
 *(.init4)
 .init4         0x000070f0       0x16 /usr/lib/gcc/avr/4.7.2/avr5/libgcc.a(_copy_data.o)
                0x000070f0                __do_copy_data
 .init4         0x00007106       0x10 /usr/lib/gcc/avr/4.7.2/avr5/libgcc.a(_clear_bss.o)
                0x00007106                __do_clear_bss
 *(.init4)
 *(.init5)
 *(.init5)
 *(.init6)
 *(.init6)
 *(.init7)
 *(.init7)
 *(.init8)
 *(.init8)
 *(.init9)
 .init9         0x00007116        0x4 /usr/lib/gcc/avr/4.7.2/../../../avr/lib/avr5/crtm32u4.o
 *(.init9)
 *(.text)
 .text          0x0000711a        0x2 /usr/lib/gcc/avr/4.7.2/../../../avr/lib/avr5/crtm32u4.o
                0x0000711a                __vector_38
                0x0000711a                __vector_22
                0x0000711a                __vector_28
                0x0000711a                __vector_1
                0x0000711a                __vector_32
                0x0000711a                __vector_34
                0x0000711a                __vector_24
                0x0000711a                __vector_12
                0x0000711a                __bad_interrupt
                0x0000711a                __vector_6
                0x0000711a                __vector_31
                0x0000711a                __vector_35
                0x0000711a                __vector_39
                0x0000711a                __vector_3
                0x0000711a                __vector_23
                0x0000711a                __vector_30
                0x0000711a                __vector_25
                0x0000711a                __vector_11
                0x0000711a                __vector_13
                0x0000711a                __vector_17
                0x0000711a                __vector_19
                0x0000711a                __vector_7
                0x0000711a                __vector_41
                0x0000711a                __vector_27
                0x0000711a                __vector_5
                0x0000711a                __vector_33
                0x0000711a                __vector_37
                0x0000711a                __vector_4
                0x0000711a                __vector_9
                0x0000711a                __vector_2
                0x0000711a                __vector_21
                0x0000711a                __vector_15
                0x0000711a                __vector_36
                0x0000711a                __vector_29
                0x0000711a                __vector_40
                0x0000711a                __vector_8
                0x0000711a                __vector_26
                0x0000711a                __vector_14
                0x0000711a                __vector_16
                0x0000711a                __vector_18
                0x0000711a                __vector_42
                0x0000711c                . = ALIGN (0x2)
 *(.text.*)
 .text.DiscardFillerBytes
                0x0000711c       0x3e BootloaderDFU.o
 .text.LoadStartEndAddresses
                0x0000715a       0x24 BootloaderDFU.o
 .text.ProcessBootloaderCommand
                0x0000717e      0x206 BootloaderDFU.o
 .text.startup.main
                0x00007384       0x8c BootloaderDFU.o
                0x00007384                main
 .text.__vector_20
                0x00007410       0x1c BootloaderDFU.o
                0x00007410                __vector_20
 .text.EVENT_USB_Device_ControlRequest
                0x0000742c      0x454 BootloaderDFU.o
                0x0000742c                EVENT_USB_Device_ControlRequest
 .text.CALLBACK_USB_GetDescriptor
                0x00007880       0x6a Descriptors.o
                0x00007880                CALLBACK_USB_GetDescriptor
 .text.BootloaderAPI_ErasePage
                0x000078ea       0x24 BootloaderAPI.o
                0x000078ea                BootloaderAPI_ErasePage
 .text.BootloaderAPI_WritePage
                0x0000790e       0x24 BootloaderAPI.o
                0x0000790e                BootloaderAPI_WritePage
 .text.BootloaderAPI_FillWord
                0x00007932       0x1a BootloaderAPI.o
                0x00007932                BootloaderAPI_FillWord
 .text.BootloaderAPI_ReadSignature
                0x0000794c        0xc BootloaderAPI.o
                0x0000794c                BootloaderAPI_ReadSignature
 .text.BootloaderAPI_ReadFuse
                0x00007958        0xc BootloaderAPI.o
                0x00007958                BootloaderAPI_ReadFuse
 .text.BootloaderAPI_ReadLock
                0x00007964        0xe BootloaderAPI.o
                0x00007964                BootloaderAPI_ReadLock
 .text.BootloaderAPI_WriteLock
                0x00007972       0x1c BootloaderAPI.o
                0x00007972                BootloaderAPI_WriteLock
 .text.Endpoint_Write_Control_Stream_LE
                0x0000798e       0xba ../../LUFA/Drivers/USB/Core/AVR8/EndpointStream_AVR8.o
                0x0000798e                Endpoint_Write_Control_Stream_LE
 .text.Endpoint_ConfigureEndpoint_Prv
                0x00007a48       0x22 ../../LUFA/Drivers/USB/Core/AVR8/Endpoint_AVR8.o
                0x00007a48                Endpoint_ConfigureEndpoint_Prv
 .text.Endpoint_ClearStatusStage
                0x00007a6a       0x3e ../../LUFA/Drivers/USB/Core/AVR8/Endpoint_AVR8.o
                0x00007a6a                Endpoint_ClearStatusStage
 .text.USB_Disable
                0x00007aa8       0x30 ../../LUFA/Drivers/USB/Core/AVR8/USBController_AVR8.o
                0x00007aa8                USB_Disable
 .text.USB_ResetInterface
                0x00007ad8       0x76 ../../LUFA/Drivers/USB/Core/AVR8/USBController_AVR8.o
                0x00007ad8                USB_ResetInterface
 .text.USB_Init
                0x00007b4e       0x20 ../../LUFA/Drivers/USB/Core/AVR8/USBController_AVR8.o
                0x00007b4e                USB_Init
 .text.USB_INT_DisableAllInterrupts
                0x00007b6e       0x10 ../../LUFA/Drivers/USB/Core/AVR8/USBInterrupt_AVR8.o
                0x00007b6e                USB_INT_DisableAllInterrupts
 .text.USB_INT_ClearAllInterrupts
                0x00007b7e        0xa ../../LUFA/Drivers/USB/Core/AVR8/USBInterrupt_AVR8.o
                0x00007b7e                USB_INT_ClearAllInterrupts
 .text.__vector_10
                0x00007b88      0x15c ../../LUFA/Drivers/USB/Core/AVR8/USBInterrupt_AVR8.o
                0x00007b88                __vector_10
 .text.USB_Device_ProcessControlRequest
                0x00007ce4      0x17c ../../LUFA/Drivers/USB/Core/DeviceStandardReq.o
                0x00007ce4                USB_Device_ProcessControlRequest
 .text.USB_Event_Stub
                0x00007e60        0x2 ../../LUFA/Drivers/USB/Core/Events.o
                0x00007e60                EVENT_USB_Device_ConfigurationChanged
                0x00007e60                EVENT_USB_Device_Connect
                0x00007e60                EVENT_USB_Device_WakeUp
                0x00007e60                USB_Event_Stub
                0x00007e60                EVENT_USB_Device_Suspend
                0x00007e60                EVENT_USB_Device_StartOfFrame
                0x00007e60                EVENT_USB_Device_Disconnect
                0x00007e60                EVENT_USB_Device_Reset
 .text.USB_USBTask
                0x00007e62       0x10 ../../LUFA/Drivers/USB/Core/USBTask.o
                0x00007e62                USB_USBTask
 .text.avr-libc
                0x00007e72       0x10 /usr/lib/gcc/avr/4.7.2/../../../avr/lib/avr5/libc.a(eerd_byte_atmega32u4.o)
                0x00007e72                __eerd_byte_m32u4
 .text.avr-libc
                0x00007e82       0x1c /usr/lib/gcc/avr/4.7.2/../../../avr/lib/avr5/libc.a(eewr_byte_atmega32u4.o)
                0x00007e82                __eewr_byte_m32u4
                0x00007e84                __eewr_r18_m32u4
                0x00007e9e                . = ALIGN (0x2)
 *(.fini9)
 .fini9         0x00007e9e        0x0 /usr/lib/gcc/avr/4.7.2/avr5/libgcc.a(_exit.o)
                0x00007e9e                exit
                0x00007e9e                _exit
 *(.fini9)
 *(.fini8)
 *(.fini8)
 *(.fini7)
 *(.fini7)
 *(.fini6)
 *(.fini6)
 *(.fini5)
 *(.fini5)
 *(.fini4)
 *(.fini4)
 *(.fini3)
 *(.fini3)
 *(.fini2)
 *(.fini2)
 *(.fini1)
 *(.fini1)
 *(.fini0)
 .fini0         0x00007e9e        0x4 /usr/lib/gcc/avr/4.7.2/avr5/libgcc.a(_exit.o)
 *(.fini0)
                0x00007ea2                _etext = .

.data           0x00800100       0x62 load address 0x00007ea2
                0x00800100                PROVIDE (__data_start, .)
 *(.data)
 .data          0x00800100        0x2 BootloaderDFU.o
 *(.data*)
 *(.rodata)
 .rodata        0x00800102       0x5f Descriptors.o
                0x00800102                ProductString
                0x00800116                ManufacturerString
                0x00800130                LanguageString
                0x00800134                ConfigurationDescriptor
                0x0080014f                DeviceDescriptor
 *(.rodata*)
 *(.gnu.linkonce.d*)
                0x00800162                . = ALIGN (0x2)
 *fill*         0x00800161        0x1 00
                0x00800162                _edata = .
                0x00800162                PROVIDE (__data_end, .)

.bss            0x00800162       0x1d
                0x00800162                PROVIDE (__bss_start, .)
 *(.bss)
 .bss           0x00800162       0x13 BootloaderDFU.o
 *(.bss*)
 *(COMMON)
 COMMON         0x00800175        0x1 ../../LUFA/Drivers/USB/Core/DeviceStandardReq.o
                0x00800175                USB_Device_ConfigurationNumber
 COMMON         0x00800176        0x9 ../../LUFA/Drivers/USB/Core/USBTask.o
                0x00800176                USB_IsInitialized
                0x00800177                USB_ControlRequest
                0x0080017f                PROVIDE (__bss_end, .)
                0x00007ea2                __data_load_start = LOADADDR (.data)
                0x00007f04                __data_load_end = (__data_load_start + SIZEOF (.data))

.noinit         0x0080017f        0x2
                0x0080017f                PROVIDE (__noinit_start, .)
 *(.noinit*)
 .noinit        0x0080017f        0x2 BootloaderDFU.o
                0x0080017f                MagicBootKey
                0x00800181                PROVIDE (__noinit_end, .)
                0x00800181                _end = .
                0x00800181                PROVIDE (__heap_start, .)

.eeprom         0x00810000        0x0
 *(.eeprom*)
                0x00810000                __eeprom_end = .

.fuse
 *(.fuse)
 *(.lfuse)
 *(.hfuse)
 *(.efuse)

.lock
 *(.lock*)

.signature
 *(.signature*)

.stab           0x00000000      0x954
 *(.stab)
 .stab          0x00000000      0x6cc /usr/lib/gcc/avr/4.7.2/../../../avr/lib/avr5/crtm32u4.o
 .stab          0x000006cc       0x90 /usr/lib/gcc/avr/4.7.2/../../../avr/lib/avr5/libc.a(eerd_byte_atmega32u4.o)
                                 0x9c (size before relaxing)
 .stab          0x0000075c      0x114 /usr/lib/gcc/avr/4.7.2/../../../avr/lib/avr5/libc.a(eeupd_byte_atmega32u4.o)
                                0x120 (size before relaxing)
 .stab          0x00000870       0xe4 /usr/lib/gcc/avr/4.7.2/../../../avr/lib/avr5/libc.a(eewr_byte_atmega32u4.o)
                                 0xf0 (size before relaxing)

.stabstr        0x00000000       0xe2
 *(.stabstr)
 .stabstr       0x00000000       0xe2 /usr/lib/gcc/avr/4.7.2/../../../avr/lib/avr5/crtm32u4.o

.stab.excl
 *(.stab.excl)

.stab.exclstr
 *(.stab.exclstr)

.stab.index
 *(.stab.index)

.stab.indexstr
 *(.stab.indexstr)

.comment        0x00000000       0x11
 *(.comment)
 .comment       0x00000000       0x11 BootloaderDFU.o
                                 0x12 (size before relaxing)
 .comment       0x00000000       0x12 Descriptors.o
 .comment       0x00000000       0x12 BootloaderAPI.o
 .comment       0x00000000       0x12 ../../LUFA/Drivers/USB/Class/Common/HIDParser.o
 .comment       0x00000000       0x12 ../../LUFA/Drivers/USB/Core/AVR8/Device_AVR8.o
 .comment       0x00000000       0x12 ../../LUFA/Drivers/USB/Core/AVR8/EndpointStream_AVR8.o
 .comment       0x00000000       0x12 ../../LUFA/Drivers/USB/Core/AVR8/Endpoint_AVR8.o
 .comment       0x00000000       0x12 ../../LUFA/Drivers/USB/Core/AVR8/Host_AVR8.o
 .comment       0x00000000       0x12 ../../LUFA/Drivers/USB/Core/AVR8/PipeStream_AVR8.o
 .comment       0x00000000       0x12 ../../LUFA/Drivers/USB/Core/AVR8/Pipe_AVR8.o
 .comment       0x00000000       0x12 ../../LUFA/Drivers/USB/Core/AVR8/USBController_AVR8.o
 .comment       0x00000000       0x12 ../../LUFA/Drivers/USB/Core/AVR8/USBInterrupt_AVR8.o
 .comment       0x00000000       0x12 ../../LUFA/Drivers/USB/Core/ConfigDescriptors.o
 .comment       0x00000000       0x12 ../../LUFA/Drivers/USB/Core/DeviceStandardReq.o
 .comment       0x00000000       0x12 ../../LUFA/Drivers/USB/Core/Events.o
 .comment       0x00000000       0x12 ../../LUFA/Drivers/USB/Core/HostStandardReq.o
 .comment       0x00000000       0x12 ../../LUFA/Drivers/USB/Core/USBTask.o

.debug
 *(.debug)

.line
 *(.line)

.debug_srcinfo
 *(.debug_srcinfo)

.debug_sfnames
 *(.debug_sfnames)

.debug_aranges  0x00000000      0x340
 *(.debug_aranges)
 .debug_aranges
                0x00000000       0x50 BootloaderDFU.o
 .debug_aranges
                0x00000050       0x20 Descriptors.o
 .debug_aranges
                0x00000070       0x50 BootloaderAPI.o
 .debug_aranges
                0x000000c0       0x28 BootloaderAPITable.o
 .debug_aranges
                0x000000e8       0x38 ../../LUFA/Drivers/USB/Class/Common/HIDParser.o
 .debug_aranges
                0x00000120       0x20 ../../LUFA/Drivers/USB/Core/AVR8/Device_AVR8.o
 .debug_aranges
                0x00000140       0x68 ../../LUFA/Drivers/USB/Core/AVR8/EndpointStream_AVR8.o
 .debug_aranges
                0x000001a8       0x38 ../../LUFA/Drivers/USB/Core/AVR8/Endpoint_AVR8.o
 .debug_aranges
                0x000001e0       0x18 ../../LUFA/Drivers/USB/Core/AVR8/Host_AVR8.o
 .debug_aranges
                0x000001f8       0x18 ../../LUFA/Drivers/USB/Core/AVR8/PipeStream_AVR8.o
 .debug_aranges
                0x00000210       0x18 ../../LUFA/Drivers/USB/Core/AVR8/Pipe_AVR8.o
 .debug_aranges
                0x00000228       0x30 ../../LUFA/Drivers/USB/Core/AVR8/USBController_AVR8.o
 .debug_aranges
                0x00000258       0x30 ../../LUFA/Drivers/USB/Core/AVR8/USBInterrupt_AVR8.o
 .debug_aranges
                0x00000288       0x40 ../../LUFA/Drivers/USB/Core/ConfigDescriptors.o
 .debug_aranges
                0x000002c8       0x20 ../../LUFA/Drivers/USB/Core/DeviceStandardReq.o
 .debug_aranges
                0x000002e8       0x20 ../../LUFA/Drivers/USB/Core/Events.o
 .debug_aranges
                0x00000308       0x18 ../../LUFA/Drivers/USB/Core/HostStandardReq.o
 .debug_aranges
                0x00000320       0x20 ../../LUFA/Drivers/USB/Core/USBTask.o

.debug_pubnames
 *(.debug_pubnames)

.debug_info     0x00000000     0x47ba
 *(.debug_info)
 .debug_info    0x00000000      0xe7e BootloaderDFU.o
 .debug_info    0x00000e7e      0x52c Descriptors.o
 .debug_info    0x000013aa      0x240 BootloaderAPI.o
 .debug_info    0x000015ea       0x57 BootloaderAPITable.o
 .debug_info    0x00001641      0x738 ../../LUFA/Drivers/USB/Class/Common/HIDParser.o
 .debug_info    0x00001d79       0xd2 ../../LUFA/Drivers/USB/Core/AVR8/Device_AVR8.o
 .debug_info    0x00001e4b      0xd3b ../../LUFA/Drivers/USB/Core/AVR8/EndpointStream_AVR8.o
 .debug_info    0x00002b86      0x44c ../../LUFA/Drivers/USB/Core/AVR8/Endpoint_AVR8.o
 .debug_info    0x00002fd2       0x56 ../../LUFA/Drivers/USB/Core/AVR8/Host_AVR8.o
 .debug_info    0x00003028       0x56 ../../LUFA/Drivers/USB/Core/AVR8/PipeStream_AVR8.o
 .debug_info    0x0000307e       0x56 ../../LUFA/Drivers/USB/Core/AVR8/Pipe_AVR8.o
 .debug_info    0x000030d4      0x4a1 ../../LUFA/Drivers/USB/Core/AVR8/USBController_AVR8.o
 .debug_info    0x00003575      0x5eb ../../LUFA/Drivers/USB/Core/AVR8/USBInterrupt_AVR8.o
 .debug_info    0x00003b60      0x3c9 ../../LUFA/Drivers/USB/Core/ConfigDescriptors.o
 .debug_info    0x00003f29      0x5d8 ../../LUFA/Drivers/USB/Core/DeviceStandardReq.o
 .debug_info    0x00004501       0x78 ../../LUFA/Drivers/USB/Core/Events.o
 .debug_info    0x00004579       0x56 ../../LUFA/Drivers/USB/Core/HostStandardReq.o
 .debug_info    0x000045cf      0x1eb ../../LUFA/Drivers/USB/Core/USBTask.o
 *(.gnu.linkonce.wi.*)

.debug_abbrev   0x00000000     0x15a7
 *(.debug_abbrev)
 .debug_abbrev  0x00000000      0x3c4 BootloaderDFU.o
 .debug_abbrev  0x000003c4      0x124 Descriptors.o
 .debug_abbrev  0x000004e8       0xbb BootloaderAPI.o
 .debug_abbrev  0x000005a3       0x12 BootloaderAPITable.o
 .debug_abbrev  0x000005b5      0x22b ../../LUFA/Drivers/USB/Class/Common/HIDParser.o
 .debug_abbrev  0x000007e0       0x80 ../../LUFA/Drivers/USB/Core/AVR8/Device_AVR8.o
 .debug_abbrev  0x00000860      0x1df ../../LUFA/Drivers/USB/Core/AVR8/EndpointStream_AVR8.o
 .debug_abbrev  0x00000a3f      0x1ef ../../LUFA/Drivers/USB/Core/AVR8/Endpoint_AVR8.o
 .debug_abbrev  0x00000c2e       0x26 ../../LUFA/Drivers/USB/Core/AVR8/Host_AVR8.o
 .debug_abbrev  0x00000c54       0x26 ../../LUFA/Drivers/USB/Core/AVR8/PipeStream_AVR8.o
 .debug_abbrev  0x00000c7a       0x26 ../../LUFA/Drivers/USB/Core/AVR8/Pipe_AVR8.o
 .debug_abbrev  0x00000ca0      0x1a5 ../../LUFA/Drivers/USB/Core/AVR8/USBController_AVR8.o
 .debug_abbrev  0x00000e45      0x1dd ../../LUFA/Drivers/USB/Core/AVR8/USBInterrupt_AVR8.o
 .debug_abbrev  0x00001022      0x176 ../../LUFA/Drivers/USB/Core/ConfigDescriptors.o
 .debug_abbrev  0x00001198      0x254 ../../LUFA/Drivers/USB/Core/DeviceStandardReq.o
 .debug_abbrev  0x000013ec       0x44 ../../LUFA/Drivers/USB/Core/Events.o
 .debug_abbrev  0x00001430       0x26 ../../LUFA/Drivers/USB/Core/HostStandardReq.o
 .debug_abbrev  0x00001456      0x151 ../../LUFA/Drivers/USB/Core/USBTask.o

.debug_line     0x00000000     0x20f7
 *(.debug_line)
 .debug_line    0x00000000      0x5e2 BootloaderDFU.o
 .debug_line    0x000005e2      0x10d Descriptors.o
 .debug_line    0x000006ef      0x114 BootloaderAPI.o
 .debug_line    0x00000803       0x67 BootloaderAPITable.o
 .debug_line    0x0000086a      0x259 ../../LUFA/Drivers/USB/Class/Common/HIDParser.o
 .debug_line    0x00000ac3       0xff ../../LUFA/Drivers/USB/Core/AVR8/Device_AVR8.o
 .debug_line    0x00000bc2      0x800 ../../LUFA/Drivers/USB/Core/AVR8/EndpointStream_AVR8.o
 .debug_line    0x000013c2      0x244 ../../LUFA/Drivers/USB/Core/AVR8/Endpoint_AVR8.o
 .debug_line    0x00001606       0x1a ../../LUFA/Drivers/USB/Core/AVR8/Host_AVR8.o
 .debug_line    0x00001620       0x1a ../../LUFA/Drivers/USB/Core/AVR8/PipeStream_AVR8.o
 .debug_line    0x0000163a       0x1a ../../LUFA/Drivers/USB/Core/AVR8/Pipe_AVR8.o
 .debug_line    0x00001654      0x232 ../../LUFA/Drivers/USB/Core/AVR8/USBController_AVR8.o
 .debug_line    0x00001886      0x33d ../../LUFA/Drivers/USB/Core/AVR8/USBInterrupt_AVR8.o
 .debug_line    0x00001bc3      0x165 ../../LUFA/Drivers/USB/Core/ConfigDescriptors.o
 .debug_line    0x00001d28      0x233 ../../LUFA/Drivers/USB/Core/DeviceStandardReq.o
 .debug_line    0x00001f5b       0x51 ../../LUFA/Drivers/USB/Core/Events.o
 .debug_line    0x00001fac       0x1a ../../LUFA/Drivers/USB/Core/HostStandardReq.o
 .debug_line    0x00001fc6      0x131 ../../LUFA/Drivers/USB/Core/USBTask.o

.debug_frame    0x00000000      0x6dc
 *(.debug_frame)
 .debug_frame   0x00000000       0xe0 BootloaderDFU.o
 .debug_frame   0x000000e0       0x24 Descriptors.o
 .debug_frame   0x00000104       0x84 BootloaderAPI.o
 .debug_frame   0x00000188      0x114 ../../LUFA/Drivers/USB/Class/Common/HIDParser.o
 .debug_frame   0x0000029c       0x24 ../../LUFA/Drivers/USB/Core/AVR8/Device_AVR8.o
 .debug_frame   0x000002c0      0x144 ../../LUFA/Drivers/USB/Core/AVR8/EndpointStream_AVR8.o
 .debug_frame   0x00000404       0x68 ../../LUFA/Drivers/USB/Core/AVR8/Endpoint_AVR8.o
 .debug_frame   0x0000046c       0x58 ../../LUFA/Drivers/USB/Core/AVR8/USBController_AVR8.o
 .debug_frame   0x000004c4       0x8c ../../LUFA/Drivers/USB/Core/AVR8/USBInterrupt_AVR8.o
 .debug_frame   0x00000550      0x108 ../../LUFA/Drivers/USB/Core/ConfigDescriptors.o
 .debug_frame   0x00000658       0x3c ../../LUFA/Drivers/USB/Core/DeviceStandardReq.o
 .debug_frame   0x00000694       0x24 ../../LUFA/Drivers/USB/Core/Events.o
 .debug_frame   0x000006b8       0x24 ../../LUFA/Drivers/USB/Core/USBTask.o

.debug_str      0x00000000     0x1f84
 *(.debug_str)
 .debug_str     0x00000000      0x783 BootloaderDFU.o
                                0x7e2 (size before relaxing)
 .debug_str     0x00000783      0x504 Descriptors.o
                                0x61d (size before relaxing)
 .debug_str     0x00000c87       0xc8 BootloaderAPI.o
                                0x189 (size before relaxing)
 .debug_str     0x00000d4f      0x4a5 ../../LUFA/Drivers/USB/Class/Common/HIDParser.o
                                0x5e3 (size before relaxing)
 .debug_str     0x000011f4       0x77 ../../LUFA/Drivers/USB/Core/AVR8/Device_AVR8.o
                                0x11f (size before relaxing)
 .debug_str     0x0000126b      0x28b ../../LUFA/Drivers/USB/Core/AVR8/EndpointStream_AVR8.o
                                0x4f4 (size before relaxing)
 .debug_str     0x000014f6      0x171 ../../LUFA/Drivers/USB/Core/AVR8/Endpoint_AVR8.o
                                0x39f (size before relaxing)
 .debug_str     0x00001667       0x2d ../../LUFA/Drivers/USB/Core/AVR8/Host_AVR8.o
                                 0xbe (size before relaxing)
 .debug_str     0x00001694       0x33 ../../LUFA/Drivers/USB/Core/AVR8/PipeStream_AVR8.o
                                 0xc4 (size before relaxing)
 .debug_str     0x000016c7       0x2d ../../LUFA/Drivers/USB/Core/AVR8/Pipe_AVR8.o
                                 0xbe (size before relaxing)
 .debug_str     0x000016f4      0x231 ../../LUFA/Drivers/USB/Core/AVR8/USBController_AVR8.o
                                0x431 (size before relaxing)
 .debug_str     0x00001925      0x12e ../../LUFA/Drivers/USB/Core/AVR8/USBInterrupt_AVR8.o
                                0x427 (size before relaxing)
 .debug_str     0x00001a53      0x231 ../../LUFA/Drivers/USB/Core/ConfigDescriptors.o
                                0x307 (size before relaxing)
 .debug_str     0x00001c84      0x240 ../../LUFA/Drivers/USB/Core/DeviceStandardReq.o
                                0x56c (size before relaxing)
 .debug_str     0x00001ec4       0x34 ../../LUFA/Drivers/USB/Core/Events.o
                                 0xc5 (size before relaxing)
 .debug_str     0x00001ef8       0x2e ../../LUFA/Drivers/USB/Core/HostStandardReq.o
                                 0xbf (size before relaxing)
 .debug_str     0x00001f26       0x5e ../../LUFA/Drivers/USB/Core/USBTask.o
                                0x278 (size before relaxing)

.debug_loc      0x00000000     0x267f
 *(.debug_loc)
 .debug_loc     0x00000000      0x4d1 BootloaderDFU.o
 .debug_loc     0x000004d1      0x17e Descriptors.o
 .debug_loc     0x0000064f       0x92 BootloaderAPI.o
 .debug_loc     0x000006e1      0x928 ../../LUFA/Drivers/USB/Class/Common/HIDParser.o
 .debug_loc     0x00001009      0xad1 ../../LUFA/Drivers/USB/Core/AVR8/EndpointStream_AVR8.o
 .debug_loc     0x00001ada      0x229 ../../LUFA/Drivers/USB/Core/AVR8/Endpoint_AVR8.o
 .debug_loc     0x00001d03       0x49 ../../LUFA/Drivers/USB/Core/AVR8/USBController_AVR8.o
 .debug_loc     0x00001d4c      0x220 ../../LUFA/Drivers/USB/Core/AVR8/USBInterrupt_AVR8.o
 .debug_loc     0x00001f6c      0x5bd ../../LUFA/Drivers/USB/Core/ConfigDescriptors.o
 .debug_loc     0x00002529      0x156 ../../LUFA/Drivers/USB/Core/DeviceStandardReq.o

.debug_macinfo
 *(.debug_macinfo)
OUTPUT(BootloaderDFU.elf elf32-avr)
LOAD linker stubs

.apitable_trampolines
                0x00007fa0       0x18
 .apitable_trampolines
                0x00007fa0       0x18 BootloaderAPITable.o
                0x00007fa0                BootloaderAPI_Trampolines

.apitable_jumptable
                0x00007fe0       0x18
 .apitable_jumptable
                0x00007fe0       0x18 BootloaderAPITable.o
                0x00007fe0                BootloaderAPI_JumpTable

.apitable_signatures
                0x00007ff8        0x8
 .apitable_signatures
                0x00007ff8        0x8 BootloaderAPITable.o
                0x00007ff8                BootloaderAPI_Signatures

.debug_ranges   0x00000000      0x530
 .debug_ranges  0x00000000       0x70 BootloaderDFU.o
 .debug_ranges  0x00000070       0x10 Descriptors.o
 .debug_ranges  0x00000080       0x40 BootloaderAPI.o
 .debug_ranges  0x000000c0       0x20 BootloaderAPITable.o
 .debug_ranges  0x000000e0       0xc8 ../../LUFA/Drivers/USB/Class/Common/HIDParser.o
 .debug_ranges  0x000001a8       0x10 ../../LUFA/Drivers/USB/Core/AVR8/Device_AVR8.o
 .debug_ranges  0x000001b8      0x268 ../../LUFA/Drivers/USB/Core/AVR8/EndpointStream_AVR8.o
 .debug_ranges  0x00000420       0x58 ../../LUFA/Drivers/USB/Core/AVR8/Endpoint_AVR8.o
 .debug_ranges  0x00000478       0x20 ../../LUFA/Drivers/USB/Core/AVR8/USBController_AVR8.o
 .debug_ranges  0x00000498       0x38 ../../LUFA/Drivers/USB/Core/AVR8/USBInterrupt_AVR8.o
 .debug_ranges  0x000004d0       0x30 ../../LUFA/Drivers/USB/Core/ConfigDescriptors.o
 .debug_ranges  0x00000500       0x10 ../../LUFA/Drivers/USB/Core/DeviceStandardReq.o
 .debug_ranges  0x00000510       0x10 ../../LUFA/Drivers/USB/Core/Events.o
 .debug_ranges  0x00000520       0x10 ../../LUFA/Drivers/USB/Core/USBTask.o

Cross Reference Table

Symbol                                            File
Application_Jump_Check                            BootloaderDFU.o
BootloaderAPI_ErasePage                           BootloaderAPI.o
                                                  BootloaderAPITable.o
BootloaderAPI_FillWord                            BootloaderAPI.o
                                                  BootloaderAPITable.o
BootloaderAPI_JumpTable                           BootloaderAPITable.o
BootloaderAPI_ReadFuse                            BootloaderAPI.o
                                                  BootloaderAPITable.o
BootloaderAPI_ReadLock                            BootloaderAPI.o
                                                  BootloaderAPITable.o
BootloaderAPI_ReadSignature                       BootloaderAPI.o
                                                  BootloaderAPITable.o
BootloaderAPI_Signatures                          BootloaderAPITable.o
BootloaderAPI_Trampolines                         BootloaderAPITable.o
BootloaderAPI_WriteLock                           BootloaderAPI.o
                                                  BootloaderAPITable.o
BootloaderAPI_WritePage                           BootloaderAPI.o
                                                  BootloaderAPITable.o
CALLBACK_HIDParser_FilterHIDReportItem            ../../LUFA/Drivers/USB/Class/Common/HIDParser.o
CALLBACK_USB_GetDescriptor                        Descriptors.o
                                                  ../../LUFA/Drivers/USB/Core/DeviceStandardReq.o
ConfigurationDescriptor                           Descriptors.o
DeviceDescriptor                                  Descriptors.o
EVENT_USB_Device_ConfigurationChanged             ../../LUFA/Drivers/USB/Core/Events.o
                                                  ../../LUFA/Drivers/USB/Core/DeviceStandardReq.o
EVENT_USB_Device_Connect                          ../../LUFA/Drivers/USB/Core/Events.o
                                                  ../../LUFA/Drivers/USB/Core/AVR8/USBInterrupt_AVR8.o
EVENT_USB_Device_ControlRequest                   BootloaderDFU.o
                                                  ../../LUFA/Drivers/USB/Core/DeviceStandardReq.o
EVENT_USB_Device_Disconnect                       ../../LUFA/Drivers/USB/Core/Events.o
                                                  ../../LUFA/Drivers/USB/Core/AVR8/USBInterrupt_AVR8.o
EVENT_USB_Device_Reset                            ../../LUFA/Drivers/USB/Core/Events.o
                                                  ../../LUFA/Drivers/USB/Core/AVR8/USBInterrupt_AVR8.o
EVENT_USB_Device_StartOfFrame                     ../../LUFA/Drivers/USB/Core/Events.o
EVENT_USB_Device_Suspend                          ../../LUFA/Drivers/USB/Core/Events.o
                                                  ../../LUFA/Drivers/USB/Core/AVR8/USBInterrupt_AVR8.o
EVENT_USB_Device_WakeUp                           ../../LUFA/Drivers/USB/Core/Events.o
                                                  ../../LUFA/Drivers/USB/Core/AVR8/USBInterrupt_AVR8.o
Endpoint_ClearEndpoints                           ../../LUFA/Drivers/USB/Core/AVR8/Endpoint_AVR8.o
Endpoint_ClearStatusStage                         ../../LUFA/Drivers/USB/Core/AVR8/Endpoint_AVR8.o
                                                  ../../LUFA/Drivers/USB/Core/DeviceStandardReq.o
                                                  BootloaderDFU.o
Endpoint_ConfigureEndpointTable                   ../../LUFA/Drivers/USB/Core/AVR8/Endpoint_AVR8.o
Endpoint_ConfigureEndpoint_Prv                    ../../LUFA/Drivers/USB/Core/AVR8/Endpoint_AVR8.o
                                                  ../../LUFA/Drivers/USB/Core/AVR8/USBInterrupt_AVR8.o
                                                  ../../LUFA/Drivers/USB/Core/AVR8/USBController_AVR8.o
Endpoint_Read_Control_EStream_BE                  ../../LUFA/Drivers/USB/Core/AVR8/EndpointStream_AVR8.o
Endpoint_Read_Control_EStream_LE                  ../../LUFA/Drivers/USB/Core/AVR8/EndpointStream_AVR8.o
Endpoint_Read_Control_Stream_BE                   ../../LUFA/Drivers/USB/Core/AVR8/EndpointStream_AVR8.o
Endpoint_Read_Control_Stream_LE                   ../../LUFA/Drivers/USB/Core/AVR8/EndpointStream_AVR8.o
Endpoint_Write_Control_EStream_BE                 ../../LUFA/Drivers/USB/Core/AVR8/EndpointStream_AVR8.o
Endpoint_Write_Control_EStream_LE                 ../../LUFA/Drivers/USB/Core/AVR8/EndpointStream_AVR8.o
Endpoint_Write_Control_PStream_BE                 ../../LUFA/Drivers/USB/Core/AVR8/EndpointStream_AVR8.o
Endpoint_Write_Control_PStream_LE                 ../../LUFA/Drivers/USB/Core/AVR8/EndpointStream_AVR8.o
Endpoint_Write_Control_Stream_BE                  ../../LUFA/Drivers/USB/Core/AVR8/EndpointStream_AVR8.o
Endpoint_Write_Control_Stream_LE                  ../../LUFA/Drivers/USB/Core/AVR8/EndpointStream_AVR8.o
                                                  ../../LUFA/Drivers/USB/Core/DeviceStandardReq.o
LanguageString                                    Descriptors.o
MagicBootKey                                      BootloaderDFU.o
ManufacturerString                                Descriptors.o
ProductString                                     Descriptors.o
USB_ControlRequest                                ../../LUFA/Drivers/USB/Core/USBTask.o
                                                  ../../LUFA/Drivers/USB/Core/DeviceStandardReq.o
                                                  ../../LUFA/Drivers/USB/Core/AVR8/Endpoint_AVR8.o
                                                  ../../LUFA/Drivers/USB/Core/AVR8/EndpointStream_AVR8.o
                                                  BootloaderDFU.o
USB_Device_ConfigurationNumber                    ../../LUFA/Drivers/USB/Core/DeviceStandardReq.o
                                                  ../../LUFA/Drivers/USB/Core/AVR8/USBInterrupt_AVR8.o
                                                  ../../LUFA/Drivers/USB/Core/AVR8/USBController_AVR8.o
USB_Device_ProcessControlRequest                  ../../LUFA/Drivers/USB/Core/DeviceStandardReq.o
                                                  ../../LUFA/Drivers/USB/Core/USBTask.o
USB_Device_SendRemoteWakeup                       ../../LUFA/Drivers/USB/Core/AVR8/Device_AVR8.o
USB_Disable                                       ../../LUFA/Drivers/USB/Core/AVR8/USBController_AVR8.o
                                                  BootloaderDFU.o
USB_Event_Stub                                    ../../LUFA/Drivers/USB/Core/Events.o
USB_GetHIDReportItemInfo                          ../../LUFA/Drivers/USB/Class/Common/HIDParser.o
USB_GetHIDReportSize                              ../../LUFA/Drivers/USB/Class/Common/HIDParser.o
USB_GetNextDescriptorComp                         ../../LUFA/Drivers/USB/Core/ConfigDescriptors.o
USB_GetNextDescriptorOfType                       ../../LUFA/Drivers/USB/Core/ConfigDescriptors.o
USB_GetNextDescriptorOfTypeAfter                  ../../LUFA/Drivers/USB/Core/ConfigDescriptors.o
USB_GetNextDescriptorOfTypeBefore                 ../../LUFA/Drivers/USB/Core/ConfigDescriptors.o
USB_INT_ClearAllInterrupts                        ../../LUFA/Drivers/USB/Core/AVR8/USBInterrupt_AVR8.o
                                                  ../../LUFA/Drivers/USB/Core/AVR8/USBController_AVR8.o
USB_INT_DisableAllInterrupts                      ../../LUFA/Drivers/USB/Core/AVR8/USBInterrupt_AVR8.o
                                                  ../../LUFA/Drivers/USB/Core/AVR8/USBController_AVR8.o
USB_Init                                          ../../LUFA/Drivers/USB/Core/AVR8/USBController_AVR8.o
                                                  BootloaderDFU.o
USB_IsInitialized                                 ../../LUFA/Drivers/USB/Core/USBTask.o
                                                  ../../LUFA/Drivers/USB/Core/AVR8/USBController_AVR8.o
USB_ProcessHIDReport                              ../../LUFA/Drivers/USB/Class/Common/HIDParser.o
USB_ResetInterface                                ../../LUFA/Drivers/USB/Core/AVR8/USBController_AVR8.o
USB_SetHIDReportItemInfo                          ../../LUFA/Drivers/USB/Class/Common/HIDParser.o
USB_USBTask                                       ../../LUFA/Drivers/USB/Core/USBTask.o
                                                  BootloaderDFU.o
__bad_interrupt                                   /usr/lib/gcc/avr/4.7.2/../../../avr/lib/avr5/crtm32u4.o
__bss_end                                         /usr/lib/gcc/avr/4.7.2/avr5/libgcc.a(_clear_bss.o)
__bss_start                                       /usr/lib/gcc/avr/4.7.2/avr5/libgcc.a(_clear_bss.o)
__data_end                                        /usr/lib/gcc/avr/4.7.2/avr5/libgcc.a(_copy_data.o)
__data_load_start                                 /usr/lib/gcc/avr/4.7.2/avr5/libgcc.a(_copy_data.o)
__data_start                                      /usr/lib/gcc/avr/4.7.2/avr5/libgcc.a(_copy_data.o)
__do_clear_bss                                    /usr/lib/gcc/avr/4.7.2/avr5/libgcc.a(_clear_bss.o)
                                                  ../../LUFA/Drivers/USB/Core/USBTask.o
                                                  ../../LUFA/Drivers/USB/Core/DeviceStandardReq.o
                                                  BootloaderDFU.o
__do_copy_data                                    /usr/lib/gcc/avr/4.7.2/avr5/libgcc.a(_copy_data.o)
                                                  Descriptors.o
                                                  BootloaderDFU.o
__eerd_byte_m32u4                                 /usr/lib/gcc/avr/4.7.2/../../../avr/lib/avr5/libc.a(eerd_byte_atmega32u4.o)
                                                  ../../LUFA/Drivers/USB/Core/AVR8/EndpointStream_AVR8.o
                                                  BootloaderDFU.o
__eeupd_byte_m32u4                                /usr/lib/gcc/avr/4.7.2/../../../avr/lib/avr5/libc.a(eeupd_byte_atmega32u4.o)
                                                  ../../LUFA/Drivers/USB/Core/AVR8/EndpointStream_AVR8.o
__eeupd_r18_m32u4                                 /usr/lib/gcc/avr/4.7.2/../../../avr/lib/avr5/libc.a(eeupd_byte_atmega32u4.o)
__eewr_byte_m32u4                                 /usr/lib/gcc/avr/4.7.2/../../../avr/lib/avr5/libc.a(eewr_byte_atmega32u4.o)
                                                  BootloaderDFU.o
__eewr_r18_m32u4                                  /usr/lib/gcc/avr/4.7.2/../../../avr/lib/avr5/libc.a(eewr_byte_atmega32u4.o)
__heap_end                                        /usr/lib/gcc/avr/4.7.2/../../../avr/lib/avr5/crtm32u4.o
__init                                            /usr/lib/gcc/avr/4.7.2/../../../avr/lib/avr5/crtm32u4.o
__stack                                           /usr/lib/gcc/avr/4.7.2/../../../avr/lib/avr5/crtm32u4.o
__vector_1                                        /usr/lib/gcc/avr/4.7.2/../../../avr/lib/avr5/crtm32u4.o
__vector_10                                       ../../LUFA/Drivers/USB/Core/AVR8/USBInterrupt_AVR8.o
                                                  /usr/lib/gcc/avr/4.7.2/../../../avr/lib/avr5/crtm32u4.o
__vector_11                                       /usr/lib/gcc/avr/4.7.2/../../../avr/lib/avr5/crtm32u4.o
__vector_12                                       /usr/lib/gcc/avr/4.7.2/../../../avr/lib/avr5/crtm32u4.o
__vector_13                                       /usr/lib/gcc/avr/4.7.2/../../../avr/lib/avr5/crtm32u4.o
__vector_14                                       /usr/lib/gcc/avr/4.7.2/../../../avr/lib/avr5/crtm32u4.o
__vector_15                                       /usr/lib/gcc/avr/4.7.2/../../../avr/lib/avr5/crtm32u4.o
__vector_16                                       /usr/lib/gcc/avr/4.7.2/../../../avr/lib/avr5/crtm32u4.o
__vector_17                                       /usr/lib/gcc/avr/4.7.2/../../../avr/lib/avr5/crtm32u4.o
__vector_18                                       /usr/lib/gcc/avr/4.7.2/../../../avr/lib/avr5/crtm32u4.o
__vector_19                                       /usr/lib/gcc/avr/4.7.2/../../../avr/lib/avr5/crtm32u4.o
__vector_2                                        /usr/lib/gcc/avr/4.7.2/../../../avr/lib/avr5/crtm32u4.o
__vector_20                                       BootloaderDFU.o
                                                  /usr/lib/gcc/avr/4.7.2/../../../avr/lib/avr5/crtm32u4.o
__vector_21                                       /usr/lib/gcc/avr/4.7.2/../../../avr/lib/avr5/crtm32u4.o
__vector_22                                       /usr/lib/gcc/avr/4.7.2/../../../avr/lib/avr5/crtm32u4.o
__vector_23                                       /usr/lib/gcc/avr/4.7.2/../../../avr/lib/avr5/crtm32u4.o
__vector_24                                       /usr/lib/gcc/avr/4.7.2/../../../avr/lib/avr5/crtm32u4.o
__vector_25                                       /usr/lib/gcc/avr/4.7.2/../../../avr/lib/avr5/crtm32u4.o
__vector_26                                       /usr/lib/gcc/avr/4.7.2/../../../avr/lib/avr5/crtm32u4.o
__vector_27                                       /usr/lib/gcc/avr/4.7.2/../../../avr/lib/avr5/crtm32u4.o
__vector_28                                       /usr/lib/gcc/avr/4.7.2/../../../avr/lib/avr5/crtm32u4.o
__vector_29                                       /usr/lib/gcc/avr/4.7.2/../../../avr/lib/avr5/crtm32u4.o
__vector_3                                        /usr/lib/gcc/avr/4.7.2/../../../avr/lib/avr5/crtm32u4.o
__vector_30                                       /usr/lib/gcc/avr/4.7.2/../../../avr/lib/avr5/crtm32u4.o
__vector_31                                       /usr/lib/gcc/avr/4.7.2/../../../avr/lib/avr5/crtm32u4.o
__vector_32                                       /usr/lib/gcc/avr/4.7.2/../../../avr/lib/avr5/crtm32u4.o
__vector_33                                       /usr/lib/gcc/avr/4.7.2/../../../avr/lib/avr5/crtm32u4.o
__vector_34                                       /usr/lib/gcc/avr/4.7.2/../../../avr/lib/avr5/crtm32u4.o
__vector_35                                       /usr/lib/gcc/avr/4.7.2/../../../avr/lib/avr5/crtm32u4.o
__vector_36                                       /usr/lib/gcc/avr/4.7.2/../../../avr/lib/avr5/crtm32u4.o
__vector_37                                       /usr/lib/gcc/avr/4.7.2/../../../avr/lib/avr5/crtm32u4.o
__vector_38                                       /usr/lib/gcc/avr/4.7.2/../../../avr/lib/avr5/crtm32u4.o
__vector_39                                       /usr/lib/gcc/avr/4.7.2/../../../avr/lib/avr5/crtm32u4.o
__vector_4                                        /usr/lib/gcc/avr/4.7.2/../../../avr/lib/avr5/crtm32u4.o
__vector_40                                       /usr/lib/gcc/avr/4.7.2/../../../avr/lib/avr5/crtm32u4.o
__vector_41                                       /usr/lib/gcc/avr/4.7.2/../../../avr/lib/avr5/crtm32u4.o
__vector_42                                       /usr/lib/gcc/avr/4.7.2/../../../avr/lib/avr5/crtm32u4.o
__vector_5                                        /usr/lib/gcc/avr/4.7.2/../../../avr/lib/avr5/crtm32u4.o
__vector_6                                        /usr/lib/gcc/avr/4.7.2/../../../avr/lib/avr5/crtm32u4.o
__vector_7                                        /usr/lib/gcc/avr/4.7.2/../../../avr/lib/avr5/crtm32u4.o
__vector_8                                        /usr/lib/gcc/avr/4.7.2/../../../avr/lib/avr5/crtm32u4.o
__vector_9                                        /usr/lib/gcc/avr/4.7.2/../../../avr/lib/avr5/crtm32u4.o
__vector_default                                  /usr/lib/gcc/avr/4.7.2/../../../avr/lib/avr5/crtm32u4.o
__vectors                                         /usr/lib/gcc/avr/4.7.2/../../../avr/lib/avr5/crtm32u4.o
_exit                                             /usr/lib/gcc/avr/4.7.2/avr5/libgcc.a(_exit.o)
exit                                              /usr/lib/gcc/avr/4.7.2/avr5/libgcc.a(_exit.o)
                                                  /usr/lib/gcc/avr/4.7.2/../../../avr/lib/avr5/crtm32u4.o
main                                              BootloaderDFU.o
                                                  /usr/lib/gcc/avr/4.7.2/../../../avr/lib/avr5/crtm32u4.o
